
> qr-ani-backend@1.0.0 build
> next build

node.exe :  ÔÜá Warning: Next.js inferred your wor
kspace root, but it may not be correct.
At line:1 char:1
+ & "C:\Program Files\nodejs/node.exe" "C:\Program
 Files\nodejs/node_mo ...
+ ~~~~~~~~~~~~~~~~~~~~~~~~~~~~~~~~~~~~~~~~~~~~~~~~
~~~~~~~~~~~~~~~~~~~~~
    + CategoryInfo          : NotSpecified: ( ÔÜá 
    Warning: N...not be correct.:String) [], Rem  
  oteException
    + FullyQualifiedErrorId : NativeCommandError
 
 We detected multiple lockfiles and selected the d
irectory of C:\Users\ardab\package-lock.json as th
e root directory.
 To silence this warning, set `turbopack.root` in 
your Next.js config, or consider removing one of t
he lockfiles if it's not needed.
   See https://nextjs.org/docs/app/api-reference/c
onfig/next-config-js/turbopack#root-directory for 
more information.
 Detected additional lockfiles: 
   * C:\Users\ardab\qr-ani-backend\package-lock.js
on

   Ôû▓ Next.js 16.0.3 (Turbopack)
   - Environments: .env

 ÔÜá The "middleware" file convention is deprecate
d. Please use "proxy" instead. Learn more: https:/
/nextjs.org/docs/messages/middleware-to-proxy
   Creating an optimized production build ...
 Ô£ô Compiled successfully in 4.0s
   Running TypeScript ...
Failed to compile.

./app/event/[slug]/gallery/page.tsx:27:91
Type error: Property 'couple_name' does not exist 
on type 'never'.

[0m [90m 25 |[39m                         [33m
<[39m[33mArrowLeft[39m className[33m=[39m[32
m"w-6 h-6"[39m [33m/[39m[33m>[39m
 [90m 26 |[39m                     [33m<[39m[
33m/[39m[33mLink[39m[33m>[39m
[31m[1m>[22m[39m[90m 27 |[39m               
      [33m<[39m[33mh1[39m className[33m=[39m
[32m"font-playfair text-xl text-white font-semibo
ld"[39m[33m>[39m{event[33m.[39mcouple_name}[
33m<[39m[33m/[39m[33mh1[39m[33m>[39m
 [90m    |[39m                                  
                                                  
       [31m[1m^[22m[39m
 [90m 28 |[39m                     [33m<[39m[
33mdiv[39m className[33m=[39m[32m"w-6"[39m [
33m/[39m[33m>[39m
 [90m 29 |[39m                 [33m<[39m[33m/
[39m[33mdiv[39m[33m>[39m
 [90m 30 |[39m[0m
Next.js build worker exited with code: 1 and signa
l: null
