
> qr-ani-backend@1.0.0 build
> next build

node.exe :  ÔÜá Warning: Next.js inferred your wor
kspace root, but it may not be correct.
At line:1 char:1
+ & "C:\Program Files\nodejs/node.exe" "C:\Program
 Files\nodejs/node_mo ...
+ ~~~~~~~~~~~~~~~~~~~~~~~~~~~~~~~~~~~~~~~~~~~~~~~~
~~~~~~~~~~~~~~~~~~~~~
    + CategoryInfo          : NotSpecified: ( ÔÜá 
Warn    ing: N...not be correct.:String) [], Remot
eExcepti    on
    + FullyQualifiedErrorId : NativeCommandError
 
 We detected multiple lockfiles and selected the d
irectory of C:\Users\ardab\package-lock.json as th
e root directory.
 To silence this warning, set `turbopack.root` in 
your Next.js config, or consider removing one of t
he lockfiles if it's not needed.
   See https://nextjs.org/docs/app/api-reference/c
onfig/next-config-js/turbopack#root-directory for 
more information.
 Detected additional lockfiles: 
   * C:\Users\ardab\qr-ani-backend\package-lock.js
on

   Ôû▓ Next.js 16.0.3 (Turbopack)
   - Environments: .env

 ÔÜá The "middleware" file convention is deprecate
d. Please use "proxy" instead. Learn more: https:/
/nextjs.org/docs/messages/middleware-to-proxy
   Creating an optimized production build ...
 Ô£ô Compiled successfully in 3.2s
   Running TypeScript ...
Failed to compile.

./api/events/index.ts:30:10
Type error: No overload matches this call.
  Overload 1 of 2, '(values: never, options?: { co
unt?: "exact" | "planned" | "estimated" | undefine
d; } | undefined): PostgrestFilterBuilder<{ Postgr
estVersion: "12"; }, never, never, null, "events",
 never, "POST">', gave the following error.
    Argument of type '{ name: any; slug: any; date
: any; location: any; }' is not assignable to para
meter of type 'never'.
  Overload 2 of 2, '(values: never[], options?: { 
count?: "exact" | "planned" | "estimated" | undefi
ned; defaultToNull?: boolean | undefined; } | unde
fined): PostgrestFilterBuilder<{ PostgrestVersion:
 "12"; }, never, never, null, "events", never, "PO
ST">', gave the following error.
    Object literal may only specify known properti
es, and 'name' does not exist in type 'never[]'.

[0m [90m 28 |[39m       [36mconst[39m { data
[33m,[39m error } [33m=[39m [36mawait[39m sup
abase
 [90m 29 |[39m         [33m.[39m[36mfrom[39m
([32m'events'[39m)
[31m[1m>[22m[39m[90m 30 |[39m         [33m.
[39minsert({
 [90m    |[39m          [31m[1m^[22m[39m
 [90m 31 |[39m           name[33m:[39m body[3
3m.[39mname[33m,[39m
 [90m 32 |[39m           slug[33m:[39m body[3
3m.[39mslug[33m,[39m
 [90m 33 |[39m           date[33m:[39m body[3
3m.[39mdate[33m,[39m[0m
Next.js build worker exited with code: 1 and signa
l: null
